
> Configure project :app
WARNING: The option setting 'android.enableJetifier=true' is deprecated.
The current default is 'false'.
It will be removed in version 10.0 of the Android Gradle plugin.
Warning: No signing config found. Build will be unsigned.

> Task :app:preBuild UP-TO-DATE
> Task :app:preFossDebugBuild UP-TO-DATE
> Task :app:mergeFossDebugNativeDebugMetadata NO-SOURCE
> Task :app:dataBindingMergeDependencyArtifactsFossDebug UP-TO-DATE
> Task :app:extractFossDebugSupportedLocales UP-TO-DATE
> Task :app:mapFossDebugSourceSetPaths UP-TO-DATE
> Task :app:generateFossDebugLocaleConfig UP-TO-DATE
> Task :app:generateFossDebugResources UP-TO-DATE
> Task :app:mergeFossDebugResources UP-TO-DATE
> Task :app:packageFossDebugResources UP-TO-DATE
> Task :app:processFossDebugNavigationResources UP-TO-DATE
> Task :app:parseFossDebugLocalResources UP-TO-DATE
> Task :app:dataBindingGenBaseClassesFossDebug UP-TO-DATE
> Task :app:generateFossDebugBuildConfig UP-TO-DATE
> Task :app:generateFossDebugRFile UP-TO-DATE
> Task :app:javaPreCompileFossDebug UP-TO-DATE
> Task :app:generateFossDebugAssets UP-TO-DATE
> Task :app:mergeFossDebugAssets UP-TO-DATE
> Task :app:compressFossDebugAssets UP-TO-DATE
> Task :app:generateFossDebugGlobalSynthetics UP-TO-DATE
> Task :app:checkFossDebugDuplicateClasses UP-TO-DATE
> Task :app:desugarFossDebugFileDependencies UP-TO-DATE
> Task :app:mergeExtDexFossDebug UP-TO-DATE
> Task :app:mergeLibDexFossDebug UP-TO-DATE
> Task :app:checkFossDebugAarMetadata UP-TO-DATE
> Task :app:compileFossDebugNavigationResources UP-TO-DATE
> Task :app:createFossDebugCompatibleScreenManifests UP-TO-DATE
> Task :app:extractDeepLinksFossDebug UP-TO-DATE
> Task :app:processFossDebugMainManifest UP-TO-DATE
> Task :app:processFossDebugManifest UP-TO-DATE
> Task :app:processFossDebugManifestForPackage UP-TO-DATE
> Task :app:processFossDebugResources UP-TO-DATE
> Task :app:mergeFossDebugJniLibFolders UP-TO-DATE
> Task :app:mergeFossDebugNativeLibs UP-TO-DATE
> Task :app:stripFossDebugDebugSymbols UP-TO-DATE
> Task :app:validateSigningFossDebug UP-TO-DATE
> Task :app:writeFossDebugAppMetadata UP-TO-DATE
> Task :app:writeFossDebugSigningConfigVersions UP-TO-DATE
> Task :app:preFossDebugAndroidTestBuild SKIPPED
> Task :app:dataBindingMergeDependencyArtifactsFossDebugAndroidTest UP-TO-DATE
> Task :app:generateFossDebugAndroidTestResources UP-TO-DATE
> Task :app:mergeFossDebugAndroidTestResources UP-TO-DATE
> Task :app:dataBindingGenBaseClassesFossDebugAndroidTest UP-TO-DATE
> Task :app:processFossDebugAndroidTestManifest UP-TO-DATE
> Task :app:generateFossDebugAndroidTestBuildConfig UP-TO-DATE
> Task :app:packageFossDebugAndroidTestResources UP-TO-DATE
> Task :app:processFossDebugAndroidTestNavigationResources UP-TO-DATE
> Task :app:parseFossDebugAndroidTestLocalResources UP-TO-DATE
> Task :app:generateFossDebugAndroidTestRFile UP-TO-DATE
> Task :app:javaPreCompileFossDebugAndroidTest UP-TO-DATE
> Task :app:generateFossDebugAndroidTestAssets UP-TO-DATE
> Task :app:mergeFossDebugAndroidTestAssets UP-TO-DATE
> Task :app:compressFossDebugAndroidTestAssets UP-TO-DATE
> Task :app:generateFossDebugAndroidTestGlobalSynthetics UP-TO-DATE
> Task :app:checkFossDebugAndroidTestDuplicateClasses UP-TO-DATE
> Task :app:desugarFossDebugAndroidTestFileDependencies UP-TO-DATE
> Task :app:mergeExtDexFossDebugAndroidTest UP-TO-DATE
> Task :app:mergeLibDexFossDebugAndroidTest UP-TO-DATE
> Task :app:checkFossDebugAndroidTestAarMetadata UP-TO-DATE
> Task :app:mapFossDebugAndroidTestSourceSetPaths UP-TO-DATE
> Task :app:compileFossDebugAndroidTestNavigationResources UP-TO-DATE
> Task :app:processFossDebugAndroidTestResources UP-TO-DATE
> Task :app:mergeFossDebugAndroidTestJniLibFolders UP-TO-DATE
> Task :app:mergeFossDebugAndroidTestNativeLibs NO-SOURCE
> Task :app:stripFossDebugAndroidTestDebugSymbols NO-SOURCE
> Task :app:validateSigningFossDebugAndroidTest UP-TO-DATE
> Task :app:writeFossDebugAndroidTestSigningConfigVersions UP-TO-DATE
> Task :app:extractProguardFiles UP-TO-DATE
> Task :app:preFossDebugUnitTestBuild UP-TO-DATE
> Task :app:kspFossDebugKotlin

> Task :app:compileFossDebugKotlin
w: file:///home/af/codes/Messages/app/src/main/kotlin/org/fossify/messages/activities/ThreadActivity.kt:1168:25 'fun getSerializableExtra(p0: String!): Serializable?' is deprecated. Deprecated in Java.
w: file:///home/af/codes/Messages/app/src/main/kotlin/org/fossify/messages/activities/ThreadActivity.kt:1168:70 Unchecked cast of 'Serializable?' to 'ArrayList<Uri>'.
w: file:///home/af/codes/Messages/app/src/main/kotlin/org/fossify/messages/activities/ThreadActivity.kt:1260:38 'val number: String!' is deprecated. Deprecated in Java.
w: file:///home/af/codes/Messages/app/src/main/kotlin/org/fossify/messages/activities/ThreadActivity.kt:1261:52 'val number: String!' is deprecated. Deprecated in Java.
w: file:///home/af/codes/Messages/app/src/main/kotlin/org/fossify/messages/activities/ThreadActivity.kt:1587:13 'fun startActivityForResult(p0: Intent, p1: Int): Unit' is deprecated. Deprecated in Java.
w: file:///home/af/codes/Messages/app/src/main/kotlin/org/fossify/messages/activities/ThreadActivity.kt:2293:19 'fun getColor(p0: Int): Int' is deprecated. Deprecated in Java.
w: file:///home/af/codes/Messages/app/src/main/kotlin/org/fossify/messages/extensions/Context.kt:1174:14 'fun into(p0: Int, p1: Int): FutureTarget<Bitmap!>!' is deprecated. Deprecated in Java.
w: file:///home/af/codes/Messages/app/src/main/kotlin/org/fossify/messages/activities/MainActivity.kt:326:21 'fun startActivityForResult(p0: Intent, p1: Int): Unit' is deprecated. Deprecated in Java.
w: file:///home/af/codes/Messages/app/src/main/kotlin/org/fossify/messages/activities/MainActivity.kt:338:17 'fun startActivityForResult(p0: Intent, p1: Int): Unit' is deprecated. Deprecated in Java.
w: file:///home/af/codes/Messages/app/src/main/kotlin/org/fossify/messages/activities/ThreadActivity.kt:1168:25 'fun getSerializableExtra(p0: String!): Serializable?' is deprecated. Deprecated in Java.
w: file:///home/af/codes/Messages/app/src/main/kotlin/org/fossify/messages/activities/ThreadActivity.kt:1168:70 Unchecked cast of 'Serializable?' to 'ArrayList<Uri>'.
w: file:///home/af/codes/Messages/app/src/main/kotlin/org/fossify/messages/activities/ThreadActivity.kt:1260:38 'val number: String!' is deprecated. Deprecated in Java.
w: file:///home/af/codes/Messages/app/src/main/kotlin/org/fossify/messages/activities/ThreadActivity.kt:1261:52 'val number: String!' is deprecated. Deprecated in Java.
w: file:///home/af/codes/Messages/app/src/main/kotlin/org/fossify/messages/activities/ThreadActivity.kt:1587:13 'fun startActivityForResult(p0: Intent, p1: Int): Unit' is deprecated. Deprecated in Java.
w: file:///home/af/codes/Messages/app/src/main/kotlin/org/fossify/messages/activities/ThreadActivity.kt:2293:19 'fun getColor(p0: Int): Int' is deprecated. Deprecated in Java.
w: file:///home/af/codes/Messages/app/src/main/kotlin/org/fossify/messages/extensions/Context.kt:1174:14 'fun into(p0: Int, p1: Int): FutureTarget<Bitmap!>!' is deprecated. Deprecated in Java.

> Task :app:compileFossDebugJavaWithJavac UP-TO-DATE
> Task :app:processFossDebugJavaRes UP-TO-DATE
> Task :app:mergeFossDebugJavaResource UP-TO-DATE
> Task :app:dexBuilderFossDebug
> Task :app:bundleFossDebugClassesToCompileJar
> Task :app:generateFossDebugLintReportModel
> Task :app:mergeProjectDexFossDebug
> Task :app:generateFossDebugAndroidTestLintModel
> Task :app:generateFossDebugUnitTestLintModel
> Task :app:kspFossDebugAndroidTestKotlin
> Task :app:packageFossDebug
> Task :app:createFossDebugApkListingFileRedirect UP-TO-DATE
> Task :app:assembleFossDebug
> Task :app:lintAnalyzeFossDebugUnitTest

> Task :app:compileFossDebugAndroidTestKotlin
w: file:///home/af/codes/Messages/app/src/androidTest/kotlin/org/fossify/messages/InboxChecks.kt:166:36 'constructor(p0: String!): Locale' is deprecated. Deprecated in Java.

> Task :app:compileFossDebugAndroidTestJavaWithJavac UP-TO-DATE
> Task :app:processFossDebugAndroidTestJavaRes UP-TO-DATE
> Task :app:mergeFossDebugAndroidTestJavaResource UP-TO-DATE
> Task :app:dexBuilderFossDebugAndroidTest
> Task :app:mergeProjectDexFossDebugAndroidTest
> Task :app:packageFossDebugAndroidTest
> Task :app:createFossDebugAndroidTestApkListingFileRedirect UP-TO-DATE
> Task :app:assembleFossDebugAndroidTest
> Task :app:lintAnalyzeFossDebugAndroidTest
> Task :app:lintAnalyzeFossDebug

> Task :app:lintReportFossDebug
Wrote HTML report to file:///home/af/codes/Messages/app/build/reports/lint-results-fossDebug.html
Lint found 107 warnings (and 5 errors and 208 warnings filtered by baseline lint-baseline.xml)

5 errors/warnings were listed in the baseline file (/home/af/codes/Messages/app/lint-baseline.xml) but not found in the project; perhaps they have been fixed?

> Task :app:lintFossDebug

[Incubating] Problems report is available at: file:///home/af/codes/Messages/build/reports/problems/problems-report.html

Deprecated Gradle features were used in this build, making it incompatible with Gradle 10.

You can use '--warning-mode all' to show the individual deprecation warnings and determine if they come from your own scripts or plugins.

For more on this, please refer to https://docs.gradle.org/9.5.1/userguide/command_line_interface.html#sec:command_line_warnings in the Gradle documentation.

BUILD SUCCESSFUL in 52s
87 actionable tasks: 19 executed, 68 up-to-date
Consider enabling configuration cache to speed up this build: https://docs.gradle.org/9.5.1/userguide/configuration_cache_enabling.html
