
org.fossify.messages.RuntimeUxTicketChecks:
Error in msg14_inboundSmsUpdatesInboxBadgeWhileOnInbox(org.fossify.messages.RuntimeUxTicketChecks):
java.lang.AssertionError: Read fixture appears
	at org.junit.Assert.fail(Assert.java:89)
	at org.junit.Assert.assertTrue(Assert.java:42)
	at org.fossify.messages.RuntimeUxTicketChecks.awaitCondition(RuntimeUxTicketChecks.kt:61)
	at org.fossify.messages.RuntimeUxTicketChecks.msg14_inboundSmsUpdatesInboxBadgeWhileOnInbox(RuntimeUxTicketChecks.kt:70)
..
org.fossify.messages.ReadStateChecks:
Error in completedReadUpdatesInboxDuringSlowRefresh(org.fossify.messages.ReadStateChecks):
java.lang.IllegalStateException: Opening an empty thread must not mark unseen messages read
	at org.fossify.messages.ReadStateChecks.completedReadUpdatesInboxDuringSlowRefresh(ReadStateChecks.kt:77)


Time: 23.694
There were 2 failures:
1) msg14_inboundSmsUpdatesInboxBadgeWhileOnInbox(org.fossify.messages.RuntimeUxTicketChecks)
java.lang.AssertionError: Read fixture appears
	at org.junit.Assert.fail(Assert.java:89)
	at org.junit.Assert.assertTrue(Assert.java:42)
	at org.fossify.messages.RuntimeUxTicketChecks.awaitCondition(RuntimeUxTicketChecks.kt:61)
	at org.fossify.messages.RuntimeUxTicketChecks.msg14_inboundSmsUpdatesInboxBadgeWhileOnInbox(RuntimeUxTicketChecks.kt:70)
2) completedReadUpdatesInboxDuringSlowRefresh(org.fossify.messages.ReadStateChecks)
java.lang.IllegalStateException: Opening an empty thread must not mark unseen messages read
	at org.fossify.messages.ReadStateChecks.completedReadUpdatesInboxDuringSlowRefresh(ReadStateChecks.kt:77)

FAILURES!!!
Tests run: 4,  Failures: 2


