
> Configure project :app
WARNING: The option setting 'android.enableJetifier=true' is deprecated.
The current default is 'false'.
It will be removed in version 10.0 of the Android Gradle plugin.
Warning: No signing config found. Build will be unsigned.

> Task :app:preBuild UP-TO-DATE
> Task :app:preFossDebugBuild UP-TO-DATE
> Task :app:dataBindingMergeDependencyArtifactsFossDebug UP-TO-DATE
> Task :app:extractFossDebugSupportedLocales UP-TO-DATE
> Task :app:mapFossDebugSourceSetPaths UP-TO-DATE
> Task :app:generateFossDebugLocaleConfig UP-TO-DATE
> Task :app:generateFossDebugResources UP-TO-DATE
> Task :app:mergeFossDebugResources UP-TO-DATE
> Task :app:packageFossDebugResources UP-TO-DATE
> Task :app:processFossDebugNavigationResources UP-TO-DATE
> Task :app:parseFossDebugLocalResources UP-TO-DATE
> Task :app:dataBindingGenBaseClassesFossDebug UP-TO-DATE
> Task :app:generateFossDebugBuildConfig UP-TO-DATE
> Task :app:generateFossDebugRFile UP-TO-DATE
> Task :app:kspFossDebugKotlin UP-TO-DATE
> Task :app:compileFossDebugKotlin UP-TO-DATE
> Task :app:javaPreCompileFossDebug UP-TO-DATE
> Task :app:compileFossDebugJavaWithJavac UP-TO-DATE
> Task :app:checkFossDebugAarMetadata UP-TO-DATE
> Task :app:compileFossDebugNavigationResources UP-TO-DATE
> Task :app:createFossDebugCompatibleScreenManifests UP-TO-DATE
> Task :app:extractDeepLinksFossDebug UP-TO-DATE
> Task :app:processFossDebugMainManifest UP-TO-DATE
> Task :app:processFossDebugManifest UP-TO-DATE
> Task :app:processFossDebugManifestForPackage UP-TO-DATE
> Task :app:processFossDebugResources UP-TO-DATE
> Task :app:bundleFossDebugClassesToCompileJar UP-TO-DATE
> Task :app:preFossDebugAndroidTestBuild SKIPPED
> Task :app:dataBindingMergeDependencyArtifactsFossDebugAndroidTest UP-TO-DATE
> Task :app:generateFossDebugAndroidTestResources UP-TO-DATE
> Task :app:mergeFossDebugAndroidTestResources UP-TO-DATE
> Task :app:dataBindingGenBaseClassesFossDebugAndroidTest UP-TO-DATE
> Task :app:processFossDebugAndroidTestManifest UP-TO-DATE
> Task :app:generateFossDebugAndroidTestBuildConfig UP-TO-DATE
> Task :app:packageFossDebugAndroidTestResources UP-TO-DATE
> Task :app:processFossDebugAndroidTestNavigationResources UP-TO-DATE
> Task :app:parseFossDebugAndroidTestLocalResources UP-TO-DATE
> Task :app:generateFossDebugAndroidTestRFile UP-TO-DATE
> Task :app:javaPreCompileFossDebugAndroidTest UP-TO-DATE
> Task :app:generateFossDebugAndroidTestAssets UP-TO-DATE
> Task :app:mergeFossDebugAndroidTestAssets UP-TO-DATE
> Task :app:compressFossDebugAndroidTestAssets UP-TO-DATE
> Task :app:generateFossDebugAndroidTestGlobalSynthetics UP-TO-DATE
> Task :app:checkFossDebugAndroidTestDuplicateClasses UP-TO-DATE
> Task :app:desugarFossDebugAndroidTestFileDependencies UP-TO-DATE
> Task :app:mergeExtDexFossDebugAndroidTest UP-TO-DATE
> Task :app:mergeLibDexFossDebugAndroidTest UP-TO-DATE
> Task :app:checkFossDebugAndroidTestAarMetadata UP-TO-DATE
> Task :app:mapFossDebugAndroidTestSourceSetPaths UP-TO-DATE
> Task :app:compileFossDebugAndroidTestNavigationResources UP-TO-DATE
> Task :app:processFossDebugAndroidTestResources UP-TO-DATE
> Task :app:mergeFossDebugAndroidTestJniLibFolders UP-TO-DATE
> Task :app:mergeFossDebugJniLibFolders UP-TO-DATE
> Task :app:mergeFossDebugNativeLibs UP-TO-DATE
> Task :app:mergeFossDebugAndroidTestNativeLibs NO-SOURCE
> Task :app:stripFossDebugAndroidTestDebugSymbols NO-SOURCE
> Task :app:validateSigningFossDebugAndroidTest UP-TO-DATE
> Task :app:writeFossDebugAndroidTestSigningConfigVersions UP-TO-DATE
> Task :app:kspFossDebugAndroidTestKotlin
> Task :app:compileFossDebugAndroidTestKotlin
> Task :app:compileFossDebugAndroidTestJavaWithJavac UP-TO-DATE
> Task :app:processFossDebugAndroidTestJavaRes UP-TO-DATE
> Task :app:mergeFossDebugAndroidTestJavaResource UP-TO-DATE
> Task :app:dexBuilderFossDebugAndroidTest
> Task :app:mergeProjectDexFossDebugAndroidTest
> Task :app:packageFossDebugAndroidTest
> Task :app:createFossDebugAndroidTestApkListingFileRedirect UP-TO-DATE
> Task :app:assembleFossDebugAndroidTest

[Incubating] Problems report is available at: file:///home/af/codes/Messages/build/reports/problems/problems-report.html

Deprecated Gradle features were used in this build, making it incompatible with Gradle 10.

You can use '--warning-mode all' to show the individual deprecation warnings and determine if they come from your own scripts or plugins.

For more on this, please refer to https://docs.gradle.org/9.5.1/userguide/command_line_interface.html#sec:command_line_warnings in the Gradle documentation.

BUILD SUCCESSFUL in 2s
61 actionable tasks: 5 executed, 56 up-to-date
Consider enabling configuration cache to speed up this build: https://docs.gradle.org/9.5.1/userguide/configuration_cache_enabling.html
