
> Configure project :app
WARNING: The option setting 'android.enableJetifier=true' is deprecated.
The current default is 'false'.
It will be removed in version 10.0 of the Android Gradle plugin.
Warning: No signing config found. Build will be unsigned.

> Task :app:preBuild UP-TO-DATE
> Task :app:preFossDebugBuild UP-TO-DATE
> Task :app:mergeFossDebugNativeDebugMetadata NO-SOURCE
> Task :app:dataBindingMergeDependencyArtifactsFossDebug UP-TO-DATE
> Task :app:extractFossDebugSupportedLocales UP-TO-DATE
> Task :app:mapFossDebugSourceSetPaths UP-TO-DATE
> Task :app:generateFossDebugLocaleConfig UP-TO-DATE
> Task :app:generateFossDebugResources UP-TO-DATE
> Task :app:mergeFossDebugResources UP-TO-DATE
> Task :app:packageFossDebugResources UP-TO-DATE
> Task :app:processFossDebugNavigationResources UP-TO-DATE
> Task :app:parseFossDebugLocalResources UP-TO-DATE
> Task :app:dataBindingGenBaseClassesFossDebug UP-TO-DATE
> Task :app:generateFossDebugBuildConfig UP-TO-DATE
> Task :app:generateFossDebugRFile UP-TO-DATE
> Task :app:javaPreCompileFossDebug UP-TO-DATE
> Task :app:generateFossDebugAssets UP-TO-DATE
> Task :app:mergeFossDebugAssets UP-TO-DATE
> Task :app:compressFossDebugAssets UP-TO-DATE
> Task :app:generateFossDebugGlobalSynthetics UP-TO-DATE
> Task :app:checkFossDebugDuplicateClasses UP-TO-DATE
> Task :app:desugarFossDebugFileDependencies UP-TO-DATE
> Task :app:mergeExtDexFossDebug UP-TO-DATE
> Task :app:mergeLibDexFossDebug UP-TO-DATE
> Task :app:checkFossDebugAarMetadata UP-TO-DATE
> Task :app:compileFossDebugNavigationResources UP-TO-DATE
> Task :app:createFossDebugCompatibleScreenManifests UP-TO-DATE
> Task :app:extractDeepLinksFossDebug UP-TO-DATE
> Task :app:processFossDebugMainManifest UP-TO-DATE
> Task :app:processFossDebugManifest UP-TO-DATE
> Task :app:processFossDebugManifestForPackage UP-TO-DATE
> Task :app:processFossDebugResources UP-TO-DATE
> Task :app:mergeFossDebugJniLibFolders UP-TO-DATE
> Task :app:mergeFossDebugNativeLibs UP-TO-DATE
> Task :app:stripFossDebugDebugSymbols UP-TO-DATE
> Task :app:validateSigningFossDebug UP-TO-DATE
> Task :app:writeFossDebugAppMetadata UP-TO-DATE
> Task :app:writeFossDebugSigningConfigVersions UP-TO-DATE
> Task :app:preFossDebugAndroidTestBuild SKIPPED
> Task :app:dataBindingMergeDependencyArtifactsFossDebugAndroidTest UP-TO-DATE
> Task :app:generateFossDebugAndroidTestResources UP-TO-DATE
> Task :app:mergeFossDebugAndroidTestResources UP-TO-DATE
> Task :app:dataBindingGenBaseClassesFossDebugAndroidTest UP-TO-DATE
> Task :app:processFossDebugAndroidTestManifest UP-TO-DATE
> Task :app:generateFossDebugAndroidTestBuildConfig UP-TO-DATE
> Task :app:packageFossDebugAndroidTestResources UP-TO-DATE
> Task :app:processFossDebugAndroidTestNavigationResources UP-TO-DATE
> Task :app:parseFossDebugAndroidTestLocalResources UP-TO-DATE
> Task :app:generateFossDebugAndroidTestRFile UP-TO-DATE
> Task :app:javaPreCompileFossDebugAndroidTest UP-TO-DATE
> Task :app:generateFossDebugAndroidTestAssets UP-TO-DATE
> Task :app:mergeFossDebugAndroidTestAssets UP-TO-DATE
> Task :app:compressFossDebugAndroidTestAssets UP-TO-DATE
> Task :app:generateFossDebugAndroidTestGlobalSynthetics UP-TO-DATE
> Task :app:checkFossDebugAndroidTestDuplicateClasses UP-TO-DATE
> Task :app:desugarFossDebugAndroidTestFileDependencies UP-TO-DATE
> Task :app:mergeExtDexFossDebugAndroidTest UP-TO-DATE
> Task :app:mergeLibDexFossDebugAndroidTest UP-TO-DATE
> Task :app:checkFossDebugAndroidTestAarMetadata UP-TO-DATE
> Task :app:mapFossDebugAndroidTestSourceSetPaths UP-TO-DATE
> Task :app:compileFossDebugAndroidTestNavigationResources UP-TO-DATE
> Task :app:processFossDebugAndroidTestResources UP-TO-DATE
> Task :app:mergeFossDebugAndroidTestJniLibFolders UP-TO-DATE
> Task :app:mergeFossDebugAndroidTestNativeLibs NO-SOURCE
> Task :app:stripFossDebugAndroidTestDebugSymbols NO-SOURCE
> Task :app:validateSigningFossDebugAndroidTest UP-TO-DATE
> Task :app:writeFossDebugAndroidTestSigningConfigVersions UP-TO-DATE
> Task :app:kspFossDebugKotlin

> Task :app:compileFossDebugKotlin
w: file:///home/af/codes/Messages/app/src/main/kotlin/org/fossify/messages/activities/MainActivity.kt:327:21 'fun startActivityForResult(p0: Intent, p1: Int): Unit' is deprecated. Deprecated in Java.
w: file:///home/af/codes/Messages/app/src/main/kotlin/org/fossify/messages/activities/MainActivity.kt:339:17 'fun startActivityForResult(p0: Intent, p1: Int): Unit' is deprecated. Deprecated in Java.

> Task :app:compileFossDebugJavaWithJavac UP-TO-DATE
> Task :app:processFossDebugJavaRes UP-TO-DATE
> Task :app:mergeFossDebugJavaResource UP-TO-DATE
> Task :app:dexBuilderFossDebug
> Task :app:bundleFossDebugClassesToCompileJar
> Task :app:mergeProjectDexFossDebug
> Task :app:packageFossDebug
> Task :app:createFossDebugApkListingFileRedirect UP-TO-DATE
> Task :app:assembleFossDebug
> Task :app:kspFossDebugAndroidTestKotlin
> Task :app:compileFossDebugAndroidTestKotlin UP-TO-DATE
> Task :app:compileFossDebugAndroidTestJavaWithJavac UP-TO-DATE
> Task :app:processFossDebugAndroidTestJavaRes UP-TO-DATE
> Task :app:mergeFossDebugAndroidTestJavaResource UP-TO-DATE
> Task :app:dexBuilderFossDebugAndroidTest UP-TO-DATE
> Task :app:mergeProjectDexFossDebugAndroidTest UP-TO-DATE
> Task :app:packageFossDebugAndroidTest UP-TO-DATE
> Task :app:createFossDebugAndroidTestApkListingFileRedirect UP-TO-DATE
> Task :app:assembleFossDebugAndroidTest UP-TO-DATE

[Incubating] Problems report is available at: file:///home/af/codes/Messages/build/reports/problems/problems-report.html

Deprecated Gradle features were used in this build, making it incompatible with Gradle 10.

You can use '--warning-mode all' to show the individual deprecation warnings and determine if they come from your own scripts or plugins.

For more on this, please refer to https://docs.gradle.org/9.5.1/userguide/command_line_interface.html#sec:command_line_warnings in the Gradle documentation.

BUILD SUCCESSFUL in 6s
78 actionable tasks: 7 executed, 71 up-to-date
Consider enabling configuration cache to speed up this build: https://docs.gradle.org/9.5.1/userguide/configuration_cache_enabling.html
